// Vitest Snapshot v1

exports[`AddTodo > rendering > matches snapshot 1`] = `"<div class=\\"flex flex-row space-x-2\\"><input type=\\"text\\" placeholder=\\"Add a todo\\" class=\\"border border-gray-300 rounded-lg py-2 px-4 text-gray-800\\"><button class=\\"bg-purple-700 text-white py-2 px-4 rounded-lg\\"> Add Todo </button></div>"`;

exports[`rendering > matches snapshot 1`] = `"<div class=\\"flex flex-row space-x-2\\"><input type=\\"text\\" placeholder=\\"Add a todo\\" class=\\"border border-gray-300 rounded-lg py-2 px-4 text-gray-800\\"><button class=\\"bg-purple-700 text-white py-2 px-4 rounded-lg\\"> Add Todo </button></div>"`;
